// Jest Snapshot v1, https://goo.gl/fbAQLP

exports[`Renders a radio button 1`] = `
.c1 {
  position: relative;
  -webkit-flex: 0;
  -ms-flex: 0;
  flex: 0;
  line-height: 0;
  top: 0.15em;
}

.c7 {
  background-color: white;
  border-radius: 50%;
  width: 0.4em;
  height: 0.4em;
}

.c3 {
  border: 0;
  -webkit-clip: rect(0 0 0 0);
  clip: rect(0 0 0 0);
  -webkit-clip-path: inset(50%);
  clip-path: inset(50%);
  height: 1px;
  margin: -1px;
  overflow: hidden;
  padding: 0;
  position: absolute;
  white-space: nowrap;
  width: 1px;
}

.c5 {
  position: relative;
  display: inline-block;
  position: relative;
  width: 1em;
  height: 1em;
  background-color: white;
  border: 1px solid #ced4da;
  box-shadow: 0 0 0 0 transparent;
  border-radius: 50%;
  -webkit-transition: box-shadow 0.25s,border-color 0.25s,background-color 0.25s;
  transition: box-shadow 0.25s,border-color 0.25s,background-color 0.25s;
  display: -webkit-box;
  display: -webkit-flex;
  display: -ms-flexbox;
  display: flex;
  -webkit-box-pack: center;
  -webkit-justify-content: center;
  -ms-flex-pack: center;
  justify-content: center;
  -webkit-align-items: center;
  -webkit-box-align: center;
  -ms-flex-align: center;
  align-items: center;
}

.c5:hover,
.c2:focus + .c5 {
  border-color: #0a789c;
}

.c2:focus + .c5 {
  box-shadow: 0 0 0 3px rgba(10,120,156,0.2);
}

.c5 .c6 {
  visibility: hidden;
}

.c0 {
  cursor: pointer;
  font-family: 'Roboto',sans-serif;
  font-size: 1rem;
  display: -webkit-inline-box;
  display: -webkit-inline-flex;
  display: -ms-inline-flexbox;
  display: inline-flex;
  line-height: 1.5;
  color: #666;
  -webkit-align-items: flex-start;
  -webkit-box-align: flex-start;
  -ms-flex-align: flex-start;
  align-items: flex-start;
}

.c0:hover .c4 {
  border-color: #0a789c;
}

.c8 {
  -webkit-flex: 1;
  -ms-flex: 1;
  flex: 1;
  margin-left: 9px;
}

<label
  class="c0"
>
  <div
    class="c1"
  >
    <input
      class="c2 c3"
      type="radio"
      value="a"
    />
    <div
      class="c4 c5"
    >
      <svg
        class="c6 c7"
      />
    </div>
  </div>
  <div
    class="c8"
  >
    Radio button
  </div>
</label>
`;
