// Jest Snapshot v1, https://goo.gl/fbAQLP

exports[`Renders a HtmlButton 1`] = `
<button
  type="button"
>
  test
</button>
`;
