// Jest Snapshot v1, https://goo.gl/fbAQLP

exports[`Renders a RadioGroup with 3 radio buttons 1`] = `
.c2 {
  position: relative;
  -webkit-flex: 0;
  -ms-flex: 0;
  flex: 0;
  line-height: 0;
  top: 0.15em;
}

.c8 {
  background-color: white;
  border-radius: 50%;
  width: 0.4em;
  height: 0.4em;
}

.c4 {
  border: 0;
  -webkit-clip: rect(0 0 0 0);
  clip: rect(0 0 0 0);
  height: 1px;
  margin: -1px;
  overflow: hidden;
  padding: 0;
  position: absolute;
  white-space: nowrap;
  width: 1px;
}

.c6 {
  position: relative;
  display: inline-block;
  position: relative;
  width: 1em;
  height: 1em;
  background-color: white;
  border: 1px solid #ced4da;
  box-shadow: 0 0 0 0 transparent;
  border-radius: 50%;
  -webkit-transition: box-shadow 0.25s,border-color 0.25s,background-color 0.25s;
  transition: box-shadow 0.25s,border-color 0.25s,background-color 0.25s;
  display: -webkit-box;
  display: -webkit-flex;
  display: -ms-flexbox;
  display: flex;
  -webkit-box-pack: center;
  -webkit-justify-content: center;
  -ms-flex-pack: center;
  justify-content: center;
  -webkit-align-items: center;
  -webkit-box-align: center;
  -ms-flex-align: center;
  align-items: center;
}

.c6:hover,
.c3:focus + .c6 {
  border-color: #0a789c;
}

.c3:focus + .c5 {
  box-shadow: 0 0 0 3px rgba(10,120,156,0.2);
}

.c6 .c7 {
  visibility: hidden;
}

.c10:hover,
.c3:focus + .c10 {
  border-color: #0a789c;
}

.c3:focus + .c5 {
  box-shadow: 0 0 0 3px rgba(10,120,156,0.2);
}

.c10 .c7 {
  visibility: visible;
}

.c1 {
  cursor: pointer;
  font-family: 'Roboto',sans-serif;
  font-size: 1rem;
  display: -webkit-inline-box;
  display: -webkit-inline-flex;
  display: -ms-inline-flexbox;
  display: inline-flex;
  line-height: 1.5;
  color: #666;
  -webkit-align-items: flex-start;
  -webkit-box-align: flex-start;
  -ms-flex-align: flex-start;
  align-items: flex-start;
}

.c1:hover .c5 {
  border-color: #0a789c;
}

.c9 {
  -webkit-flex: 1;
  -ms-flex: 1;
  flex: 1;
  margin-left: 9px;
}

.c0 {
  margin-bottom: 4px;
}

<div
  class="c0"
>
  <label
    class="c1"
  >
    <div
      class="c2"
    >
      <input
        class="c3 c4"
        type="radio"
        value="a"
      />
      <div
        class="c5 c6"
      >
        <svg
          class="c7 c8"
        />
      </div>
    </div>
    <div
      class="c9"
    >
      Radio A
    </div>
  </label>
</div>
`;
