// Jest Snapshot v1, https://goo.gl/fbAQLP

exports[`Renders correctly with 3 tabs 1`] = `
.c0 {
  display: -webkit-box;
  display: -webkit-flex;
  display: -ms-flexbox;
  display: flex;
  -webkit-box-pack: start;
  -webkit-justify-content: flex-start;
  -ms-flex-pack: start;
  justify-content: flex-start;
}

.c1 {
  outline: none;
  background-color: transparent;
  border: 0px none;
  cursor: pointer;
  -webkit-transition: color 0.25s,border-color 0.25s;
  transition: color 0.25s,border-color 0.25s;
  display: -webkit-inline-box;
  display: -webkit-inline-flex;
  display: -ms-inline-flexbox;
  display: inline-flex;
  border-bottom: 3px solid transparent;
  padding: 6px 20px;
  line-height: 1.5;
  font-family: 'Roboto',sans-serif;
  font-size: 1rem;
  color: #666;
  font-weight: 500;
}

.c1:hover,
.c1active {
  color: #0a789c;
}

.c1:focus {
  border-color: rgba(10,120,156,0.2);
}

.c2 {
  outline: none;
  background-color: transparent;
  border: 0px none;
  cursor: pointer;
  -webkit-transition: color 0.25s,border-color 0.25s;
  transition: color 0.25s,border-color 0.25s;
  display: -webkit-inline-box;
  display: -webkit-inline-flex;
  display: -ms-inline-flexbox;
  display: inline-flex;
  border-bottom: 3px solid transparent;
  padding: 6px 20px;
  line-height: 1.5;
  font-family: 'Roboto',sans-serif;
  font-size: 1rem;
  color: #666;
  font-weight: 500;
  color: #0a789c;
}

.c2:hover,
.c2active {
  color: #0a789c;
}

.c2:focus {
  border-color: rgba(10,120,156,0.2);
}

.c2,
.c2:focus {
  border-color: #0a789c;
}

<div
  class="c0"
  role="tablist"
>
  <button
    class="c1"
    role="tab"
    value="a"
  >
    Tab A
  </button>
  <button
    class="c2"
    role="tab"
    value="b"
  >
    Tab B
  </button>
  <button
    class="c1"
    role="tab"
    value="c"
  >
    Tab C
  </button>
</div>
`;
